// Jest Snapshot v1, https://goo.gl/fbAQLP

exports[`TipButton tests basic tests matches the snapshot 1`] = `
<button
  className="sc-bdVaJa iZQigR"
>
  <span
    className="sc-bwzfXH eERNBL"
  />
</button>
`;
