// Jest Snapshot v1, https://goo.gl/fbAQLP

exports[`ToggleTips tests basic tests matches the snapshot 1`] = `
<section
  className="sc-bdVaJa uXLBI"
  id="toggle-tips"
>
  <div
    className="sc-bwzfXH cPIcBl"
  >
    <span
      className="sc-htpNat cNwgAh"
    >
      MISSING: enableTips
    </span>
    <span
      className="sc-bxivhb hgwMuF"
    >
      MISSING: on
    </span>
    <span
      className="sc-ifAKCX iJzCXg"
    >
      <svg
        aria-hidden="true"
        className="sc-jzgbtB iRhGhO"
        focusable="false"
        viewBox="0 0 32 32"
      >
        <path
          d="M29 16a20.83 20.83 0 0 0-1-7.43 3.74 3.74 0 0 0-2.41-2A56.35 56.35 0 0 0 16 6a56.35 56.35 0 0 0-9.55.58A3.74 3.74 0 0 0 4 8.57 20.83 20.83 0 0 0 3 16a20.83 20.83 0 0 0 1 7.43 3.74 3.74 0 0 0 2.41 2A56.35 56.35 0 0 0 16 26a56.35 56.35 0 0 0 9.55-.58 3.74 3.74 0 0 0 2.41-2A20.83 20.83 0 0 0 29 16"
          fill="#ff0100"
        />
        <path
          d="M13 20v-8l7.02 3.96L13 20z"
          fill="#fff"
        />
      </svg>
    </span>
    <span
      className="sc-EHOje fiDhWD"
    >
      YOUTUBE
    </span>
    <span
      className="sc-bxivhb hgwMuF"
    >
      MISSING: for
    </span>
    <span
      className="sc-htoDjs eOyNNE"
    >
      <svg
        aria-hidden="true"
        className="sc-jnlKLf fjuJlq"
        focusable="false"
        viewBox="0 0 32 32"
      >
        <path
          d="M9.6 26.4H4a1 1 0 0 1-1-1V11a1 1 0 0 1 1-1h5.6a1 1 0 0 1 1 1v14.4a1 1 0 0 1-1 1zm-4.6-2h3.6V12H5z"
        />
        <path
          d="M24.8 28H16a6.08 6.08 0 0 1-3.47-1.26L9 23.77a1 1 0 1 1 1.28-1.54l3.57 3A4.22 4.22 0 0 0 16 26h8.8a.83.83 0 0 0 .78-.7L27 14.06a.44.44 0 0 0-.1-.33.45.45 0 0 0-.33-.13H19.2a1 1 0 0 1 0-2h7.37A2.4 2.4 0 0 1 29 14.3l-1.43 11.24A2.81 2.81 0 0 1 24.8 28z"
        />
        <path
          d="M19.2 13.6a1 1 0 0 1-1-1V5.4a1 1 0 0 1 2 0v7.2a1 1 0 0 1-1 1z"
        />
        <path
          d="M12.8 13.6H9.6a1 1 0 0 1 0-2H12c.4-1.95 1.37-6.59 1.61-7.34A3.4 3.4 0 0 1 20.2 5.4a1 1 0 1 1-2 0A1.4 1.4 0 0 0 16.8 4a1.38 1.38 0 0 0-1.29.86c-.2.61-1.14 5.09-1.73 7.94a1 1 0 0 1-.98.8z"
        />
      </svg>
    </span>
    <div
      className="sc-bZQynM fpBshX"
    >
      <div
        className="sc-gzVnrw iObQmJ"
      >
        <div
          className="sc-ePZHVD bqdapH"
        >
          <div
            className="sc-fgfRvd eVMwyR"
            size="small"
          >
            MISSING: off
          </div>
          <div
            className="sc-likbZx jJsydo"
            data-test-id="toggle"
            size="small"
          >
            <div
              className="sc-eKZiaR eDbMWb"
              size="small"
            />
            <div
              className="sc-drMfKT gkFvju"
              size="small"
              type="dark"
            />
          </div>
        </div>
      </div>
    </div>
  </div>
</section>
`;
