// Jest Snapshot v1, https://goo.gl/fbAQLP

exports[`WalletSummarySlider tests basic tests matches the snapshot 1`] = `
<div
  className="sc-bdVaJa gdncmD"
  id="wallet-slider"
/>
`;
