// Jest Snapshot v1, https://goo.gl/fbAQLP

exports[`WalletPanel tests basic tests matches the snapshot 1`] = `
<div
  className="sc-bdVaJa fpcbkF"
>
  <div
    className="sc-htpNat idmGLw"
    id="wallet-panel"
  >
    <div
      className="sc-bwzfXH keKaso"
    >
      <div
        className="sc-jtHxuu hCSyOY"
      >
        <div
          className="sc-blIhvV fcEzuA"
          type="big"
        >
          <img
            className="sc-bYTsla jBgRXi"
            src=""
          />
        </div>
        <div
          className="sc-glUWqk bFDkRP"
        >
          <div
            className="sc-fFTYTi eZhLGV"
          >
            <span
              className="sc-bTiqRo bAajqs"
              type="big"
            >
              
            </span>
          </div>
        </div>
      </div>
    </div>
    <div
      className="sc-htoDjs iCsrWq"
    >
      <button
        className="sc-gwZsXD dbIsZi"
        type="tip"
      >
        <span
          className="sc-cKZAiZ jNaFHx"
        >
          MISSING: donateNow
        </span>
      </button>
    </div>
  </div>
  <div
    className="sc-VigVT iyEYjY"
  />
</div>
`;
